------------------------------------------------------------
TimeQuest Timing Analyzer Summary
------------------------------------------------------------

Type  : Slow 1200mV 85C Model Setup 'clk2'
Slack : -5.334
TNS   : -46.470

Type  : Slow 1200mV 85C Model Setup 'second'
Slack : -2.315
TNS   : -17.516

Type  : Slow 1200mV 85C Model Setup 'clk'
Slack : -1.859
TNS   : -28.009

Type  : Slow 1200mV 85C Model Setup 'seconddigital[1]'
Slack : -0.716
TNS   : -4.860

Type  : Slow 1200mV 85C Model Setup 'scoreten[1]'
Slack : -0.471
TNS   : -2.623

Type  : Slow 1200mV 85C Model Setup 'secondten[1]'
Slack : -0.348
TNS   : -1.652

Type  : Slow 1200mV 85C Model Setup 'scoredigital[1]'
Slack : -0.216
TNS   : -1.066

Type  : Slow 1200mV 85C Model Hold 'scoredigital[1]'
Slack : -1.063
TNS   : -7.330

Type  : Slow 1200mV 85C Model Hold 'second'
Slack : -1.035
TNS   : -5.201

Type  : Slow 1200mV 85C Model Hold 'scoreten[1]'
Slack : -1.028
TNS   : -6.407

Type  : Slow 1200mV 85C Model Hold 'secondten[1]'
Slack : -0.960
TNS   : -5.813

Type  : Slow 1200mV 85C Model Hold 'seconddigital[1]'
Slack : -0.524
TNS   : -2.757

Type  : Slow 1200mV 85C Model Hold 'clk2'
Slack : 0.122
TNS   : 0.000

Type  : Slow 1200mV 85C Model Hold 'clk'
Slack : 0.341
TNS   : 0.000

Type  : Slow 1200mV 85C Model Minimum Pulse Width 'clk'
Slack : -3.000
TNS   : -30.000

Type  : Slow 1200mV 85C Model Minimum Pulse Width 'clk2'
Slack : -1.000
TNS   : -18.000

Type  : Slow 1200mV 85C Model Minimum Pulse Width 'second'
Slack : -1.000
TNS   : -9.000

Type  : Slow 1200mV 85C Model Minimum Pulse Width 'seconddigital[1]'
Slack : 0.422
TNS   : 0.000

Type  : Slow 1200mV 85C Model Minimum Pulse Width 'scoredigital[1]'
Slack : 0.424
TNS   : 0.000

Type  : Slow 1200mV 85C Model Minimum Pulse Width 'scoreten[1]'
Slack : 0.434
TNS   : 0.000

Type  : Slow 1200mV 85C Model Minimum Pulse Width 'secondten[1]'
Slack : 0.437
TNS   : 0.000

Type  : Slow 1200mV 0C Model Setup 'clk2'
Slack : -4.717
TNS   : -39.920

Type  : Slow 1200mV 0C Model Setup 'second'
Slack : -1.926
TNS   : -14.673

Type  : Slow 1200mV 0C Model Setup 'clk'
Slack : -1.523
TNS   : -22.020

Type  : Slow 1200mV 0C Model Setup 'seconddigital[1]'
Slack : -0.572
TNS   : -3.866

Type  : Slow 1200mV 0C Model Setup 'scoreten[1]'
Slack : -0.363
TNS   : -1.956

Type  : Slow 1200mV 0C Model Setup 'secondten[1]'
Slack : -0.247
TNS   : -0.968

Type  : Slow 1200mV 0C Model Setup 'scoredigital[1]'
Slack : -0.124
TNS   : -0.549

Type  : Slow 1200mV 0C Model Hold 'second'
Slack : -0.957
TNS   : -5.000

Type  : Slow 1200mV 0C Model Hold 'scoredigital[1]'
Slack : -0.856
TNS   : -5.895

Type  : Slow 1200mV 0C Model Hold 'scoreten[1]'
Slack : -0.830
TNS   : -5.007

Type  : Slow 1200mV 0C Model Hold 'secondten[1]'
Slack : -0.784
TNS   : -4.616

Type  : Slow 1200mV 0C Model Hold 'seconddigital[1]'
Slack : -0.392
TNS   : -1.875

Type  : Slow 1200mV 0C Model Hold 'clk2'
Slack : 0.082
TNS   : 0.000

Type  : Slow 1200mV 0C Model Hold 'clk'
Slack : 0.300
TNS   : 0.000

Type  : Slow 1200mV 0C Model Minimum Pulse Width 'clk'
Slack : -3.000
TNS   : -30.000

Type  : Slow 1200mV 0C Model Minimum Pulse Width 'clk2'
Slack : -1.000
TNS   : -18.000

Type  : Slow 1200mV 0C Model Minimum Pulse Width 'second'
Slack : -1.000
TNS   : -9.000

Type  : Slow 1200mV 0C Model Minimum Pulse Width 'seconddigital[1]'
Slack : 0.396
TNS   : 0.000

Type  : Slow 1200mV 0C Model Minimum Pulse Width 'secondten[1]'
Slack : 0.444
TNS   : 0.000

Type  : Slow 1200mV 0C Model Minimum Pulse Width 'scoredigital[1]'
Slack : 0.452
TNS   : 0.000

Type  : Slow 1200mV 0C Model Minimum Pulse Width 'scoreten[1]'
Slack : 0.465
TNS   : 0.000

Type  : Fast 1200mV 0C Model Setup 'clk2'
Slack : -2.545
TNS   : -19.011

Type  : Fast 1200mV 0C Model Setup 'second'
Slack : -0.951
TNS   : -6.406

Type  : Fast 1200mV 0C Model Setup 'clk'
Slack : -0.611
TNS   : -5.835

Type  : Fast 1200mV 0C Model Setup 'seconddigital[1]'
Slack : -0.079
TNS   : -0.367

Type  : Fast 1200mV 0C Model Setup 'secondten[1]'
Slack : 0.071
TNS   : 0.000

Type  : Fast 1200mV 0C Model Setup 'scoredigital[1]'
Slack : 0.229
TNS   : 0.000

Type  : Fast 1200mV 0C Model Setup 'scoreten[1]'
Slack : 0.251
TNS   : 0.000

Type  : Fast 1200mV 0C Model Hold 'scoreten[1]'
Slack : -0.695
TNS   : -4.639

Type  : Fast 1200mV 0C Model Hold 'scoredigital[1]'
Slack : -0.691
TNS   : -4.752

Type  : Fast 1200mV 0C Model Hold 'second'
Slack : -0.630
TNS   : -3.235

Type  : Fast 1200mV 0C Model Hold 'secondten[1]'
Slack : -0.581
TNS   : -3.597

Type  : Fast 1200mV 0C Model Hold 'seconddigital[1]'
Slack : -0.355
TNS   : -2.064

Type  : Fast 1200mV 0C Model Hold 'clk2'
Slack : -0.058
TNS   : -0.138

Type  : Fast 1200mV 0C Model Hold 'clk'
Slack : 0.174
TNS   : 0.000

Type  : Fast 1200mV 0C Model Minimum Pulse Width 'clk'
Slack : -3.000
TNS   : -31.499

Type  : Fast 1200mV 0C Model Minimum Pulse Width 'clk2'
Slack : -1.000
TNS   : -18.000

Type  : Fast 1200mV 0C Model Minimum Pulse Width 'second'
Slack : -1.000
TNS   : -9.000

Type  : Fast 1200mV 0C Model Minimum Pulse Width 'scoreten[1]'
Slack : 0.412
TNS   : 0.000

Type  : Fast 1200mV 0C Model Minimum Pulse Width 'scoredigital[1]'
Slack : 0.419
TNS   : 0.000

Type  : Fast 1200mV 0C Model Minimum Pulse Width 'seconddigital[1]'
Slack : 0.428
TNS   : 0.000

Type  : Fast 1200mV 0C Model Minimum Pulse Width 'secondten[1]'
Slack : 0.439
TNS   : 0.000

------------------------------------------------------------
